\BOOKMARK [1][-]{section.1}{\376\377\137\025\212\000}{}% 1
\BOOKMARK [1][-]{section.2}{\376\377\117\341\140\157\164\006\213\272\166\204\127\372\147\054\211\306\211\322\377\032\147\072\150\260\162\266\140\001\134\061\146\057\226\217\147\072\123\330\221\317}{}% 2
\BOOKMARK [2][-]{subsection.2.1}{\376\377\201\352\117\341\140\157\377\032\177\125\211\301\145\105\226\234\116\072\116\300\116\110\146\364\147\011\117\341\140\157\221\317}{section.2}% 3
\BOOKMARK [2][-]{subsection.2.2}{\376\377\161\265\377\032\213\276\131\007\162\266\140\001\166\204\116\015\170\156\133\232\140\047}{section.2}% 4
\BOOKMARK [2][-]{subsection.2.3}{\376\377\147\141\116\366\161\265\377\032\117\040\141\037\126\150\211\302\155\113\116\113\124\016\217\330\122\151\131\032\134\021\116\015\170\156\133\232\140\047}{section.2}% 5
\BOOKMARK [2][-]{subsection.2.4}{\376\377\116\222\117\341\140\157\377\032\117\040\141\037\126\150\122\060\136\225\124\112\213\311\116\206\142\021\116\354\131\032\134\021}{section.2}% 6
\BOOKMARK [1][-]{section.3}{\376\377\147\072\150\260\117\040\141\037\145\160\143\156\117\134\116\072\117\341\156\220\377\032\121\227\117\131\060\001\123\213\177\051\116\016\162\171\137\201\143\320\123\326}{}% 7
\BOOKMARK [2][-]{subsection.3.1}{\376\377\147\072\150\260\117\040\141\037\145\160\143\156\116\072\116\300\116\110\220\032\136\070\147\011\121\227\117\131}{section.3}% 8
\BOOKMARK [2][-]{subsection.3.2}{\376\377\161\265\163\207\377\032\147\072\150\260\117\341\123\367\116\015\146\057\133\144\172\313\150\067\147\054\377\014\200\014\146\057\226\217\147\072\217\307\172\013}{section.3}% 9
\BOOKMARK [2][-]{subsection.3.3}{\376\377\145\340\143\137\123\213\177\051\377\032\217\271\177\030\213\276\131\007\116\012\117\040\123\237\131\313\145\160\143\156\166\204\147\201\226\120}{section.3}% 10
\BOOKMARK [2][-]{subsection.3.4}{\376\377\147\011\143\137\123\213\177\051\377\032\162\171\137\201\143\320\123\326\147\054\215\050\116\012\146\057\127\050\116\042\137\003\117\341\140\157}{section.3}% 11
\BOOKMARK [1][-]{section.4}{\376\377\147\072\150\260\145\105\226\234\213\312\145\255\116\055\166\204\117\341\140\157\164\366\230\210}{}% 12
\BOOKMARK [2][-]{subsection.4.1}{\376\377\116\316\221\307\145\160\143\156\122\060\121\317\134\017\116\015\170\156\133\232\140\047}{section.4}% 13
\BOOKMARK [2][-]{subsection.4.2}{\376\377\131\032\117\040\141\037\126\150\207\215\124\010\377\032\200\124\124\010\161\265\124\214\147\141\116\366\116\222\117\341\140\157}{section.4}% 14
\BOOKMARK [2][-]{subsection.4.3}{\376\377\145\105\226\234\122\006\174\173\225\031\213\357\163\207\116\016\000\040\000F\000a\000n\000o\000\040\116\015\173\111\137\017\166\204\124\057\123\321}{section.4}% 15
\BOOKMARK [1][-]{section.5}{\376\377\135\345\116\032\220\032\117\341\116\055\166\204\117\341\220\123\133\271\221\317\377\032\147\072\150\260\145\160\143\156\200\375\116\015\200\375\123\357\227\140\117\040\121\372\123\273}{}% 16
\BOOKMARK [2][-]{subsection.5.1}{\376\377\147\072\150\260\217\320\176\364\174\373\176\337\116\137\146\057\220\032\117\341\174\373\176\337}{section.5}% 17
\BOOKMARK [2][-]{subsection.5.2}{\376\377\117\341\220\123\133\271\221\317\377\032\123\357\227\140\117\040\217\223\166\204\116\012\226\120}{section.5}% 18
\BOOKMARK [2][-]{subsection.5.3}{\376\377\000A\000W\000G\000N\000\040\117\341\220\123\116\016\135\345\116\032\145\340\176\277\117\040\141\037}{section.5}% 19
\BOOKMARK [2][-]{subsection.5.4}{\376\377\122\237\163\207\116\016\136\046\133\275\166\204\116\244\143\142}{section.5}% 20
\BOOKMARK [1][-]{section.6}{\376\377\116\316\117\341\140\157\164\006\213\272\221\315\145\260\164\006\211\343\147\072\150\260\146\172\200\375\217\320\176\364\147\266\147\204}{}% 21
\BOOKMARK [2][-]{subsection.6.1}{\376\377\116\000\116\052\176\337\116\000\166\204\117\341\140\157\224\376\215\357\152\041\127\213}{section.6}% 22
\BOOKMARK [2][-]{subsection.6.2}{\376\377\117\040\141\037\126\150\213\276\213\241\377\032\143\320\232\330\156\220\131\064\116\222\117\341\140\157}{section.6}% 23
\BOOKMARK [2][-]{subsection.6.3}{\376\377\217\271\177\030\213\241\173\227\377\032\127\050\133\271\221\317\123\327\226\120\122\115\143\320\116\013\117\335\165\131\147\011\145\110\117\341\140\157}{section.6}% 24
\BOOKMARK [2][-]{subsection.6.4}{\376\377\145\105\226\234\213\312\145\255\152\041\127\213\377\032\147\000\131\047\123\026\147\011\145\110\117\341\140\157\122\051\165\050\163\207}{section.6}% 25
\BOOKMARK [1][-]{section.7}{\376\377\150\110\117\213\123\026\122\006\147\220\377\032\217\164\142\177\145\105\226\234\213\312\145\255\166\204\117\341\140\157\164\006\213\272\211\343\221\312}{}% 26
\BOOKMARK [2][-]{subsection.7.1}{\376\377\167\037\133\236\162\266\140\001\116\016\211\302\155\113\145\160\143\156}{section.7}% 27
\BOOKMARK [2][-]{subsection.7.2}{\376\377\123\005\176\334\214\061\146\057\147\011\143\137\117\106\147\011\145\110\166\204\210\150\171\072}{section.7}% 28
\BOOKMARK [2][-]{subsection.7.3}{\376\377\145\351\147\037\145\105\226\234\116\072\116\300\116\110\226\276}{section.7}% 29
\BOOKMARK [2][-]{subsection.7.4}{\376\377\116\072\116\300\116\110\135\345\121\265\123\330\123\026\117\032\226\115\117\116\154\333\123\026\200\375\122\233}{section.7}% 30
\BOOKMARK [1][-]{section.8}{\376\377\117\341\140\157\164\006\213\272\133\371\147\072\150\260\135\345\172\013\166\204\213\276\213\241\124\057\171\072}{}% 31
\BOOKMARK [2][-]{subsection.8.1}{\376\377\145\160\143\156\221\307\226\306\226\066\153\265\377\032\121\110\225\356\117\341\140\157\127\050\124\352\221\314}{section.8}% 32
\BOOKMARK [2][-]{subsection.8.2}{\376\377\123\213\177\051\226\066\153\265\377\032\123\072\122\006\121\227\117\131\124\214\147\011\145\110\117\341\140\157}{section.8}% 33
\BOOKMARK [2][-]{subsection.8.3}{\376\377\220\032\117\341\226\066\153\265\377\032\133\271\221\317\147\011\226\120\145\366\211\201\120\132\117\030\121\110\176\247}{section.8}% 34
\BOOKMARK [2][-]{subsection.8.4}{\376\377\152\041\127\213\226\066\153\265\377\032\121\306\170\156\163\207\116\015\146\057\125\057\116\000\143\007\150\007}{section.8}% 35
\BOOKMARK [1][-]{section.9}{\376\377\176\323\213\272}{}% 36
