\BOOKMARK [1][-]{section.1}{\376\377\137\025\212\000}{}% 1
\BOOKMARK [1][-]{section.2}{\376\377\117\341\140\157\164\006\213\272\127\372\170\100\123\312\121\166\147\072\126\150\116\272\124\053\116\111}{}% 2
\BOOKMARK [2][-]{subsection.2.1}{\376\377\161\265\377\032\147\072\126\150\116\272\162\266\140\001\166\204\116\015\170\156\133\232\140\047}{section.2}% 3
\BOOKMARK [2][-]{subsection.2.2}{\376\377\147\141\116\366\161\265\116\016\116\222\117\341\140\157\377\032\117\040\141\037\126\150\211\302\155\113\136\046\147\145\166\204\116\015\170\156\133\232\140\047\121\317\134\021}{section.2}% 4
\BOOKMARK [2][-]{subsection.2.3}{\376\377\147\141\116\366\116\222\117\341\140\157\377\032\145\260\130\236\117\040\141\037\126\150\166\204\217\271\226\105\116\367\120\074}{section.2}% 5
\BOOKMARK [2][-]{subsection.2.4}{\376\377\145\160\143\156\131\004\164\006\133\232\164\006\377\032\173\227\154\325\116\015\200\375\121\355\172\172\122\033\220\040\117\341\140\157}{section.2}% 6
\BOOKMARK [1][-]{section.3}{\376\377\147\072\126\150\116\272\131\032\117\040\141\037\126\150\207\215\124\010\166\204\117\341\140\157\213\272\152\041\127\213}{}% 7
\BOOKMARK [2][-]{subsection.3.1}{\376\377\116\316\147\072\150\260\162\266\140\001\122\060\117\040\141\037\126\150\211\302\155\113}{section.3}% 8
\BOOKMARK [2][-]{subsection.3.2}{\376\377\121\227\117\131\116\016\116\222\210\145\377\032\200\124\124\010\116\222\117\341\140\157\166\204\211\343\221\312}{section.3}% 9
\BOOKMARK [2][-]{subsection.3.3}{\376\377\117\040\141\037\126\150\220\011\142\351\166\204\166\356\150\007\121\375\145\160}{section.3}% 10
\BOOKMARK [1][-]{section.4}{\376\377\116\222\117\341\140\157\127\050\147\072\126\150\116\272\116\373\122\241\116\055\166\204\121\167\117\123\136\224\165\050}{}% 11
\BOOKMARK [2][-]{subsection.4.1}{\376\377\147\072\150\260\201\302\142\223\123\326\116\055\166\204\117\040\141\037\126\150\207\215\124\010}{section.4}% 12
\BOOKMARK [2][-]{subsection.4.2}{\376\377\171\373\122\250\147\072\126\150\116\272\133\374\202\052\116\055\166\204\127\060\126\376\124\214\133\232\117\115}{section.4}% 13
\BOOKMARK [2][-]{subsection.4.3}{\376\377\116\073\122\250\141\037\167\345\377\032\220\011\142\351\116\013\116\000\153\145\167\013\124\352\221\314}{section.4}% 14
\BOOKMARK [1][-]{section.5}{\376\377\117\341\220\123\133\271\221\317\116\016\147\072\126\150\116\272\220\032\117\341\226\120\122\066}{}% 15
\BOOKMARK [2][-]{subsection.5.1}{\376\377\147\072\126\150\116\272\117\040\141\037\177\121\176\334\116\055\166\204\117\341\220\123\133\271\221\317}{section.5}% 16
\BOOKMARK [2][-]{subsection.5.2}{\376\377\000A\000W\000G\000N\000\040\133\271\221\317\133\371\145\340\176\277\147\072\126\150\116\272\174\373\176\337\166\204\124\057\171\072}{section.5}% 17
\BOOKMARK [2][-]{subsection.5.3}{\376\377\123\213\177\051\060\001\221\317\123\026\124\214\117\040\217\223\116\055\166\204\117\341\140\157\143\137\131\061}{section.5}% 18
\BOOKMARK [1][-]{section.6}{\376\377\227\142\124\021\147\072\150\260\135\345\172\013\166\204\213\276\213\241\145\271\154\325}{}% 19
\BOOKMARK [2][-]{subsection.6.1}{\376\377\117\040\141\037\126\150\136\003\177\156\377\032\142\212\116\222\117\341\140\157\145\076\127\050\156\220\131\064}{section.6}% 20
\BOOKMARK [2][-]{subsection.6.2}{\376\377\162\171\137\201\213\276\213\241\377\032\117\335\165\131\116\373\122\241\166\370\121\163\117\341\140\157}{section.6}% 21
\BOOKMARK [2][-]{subsection.6.3}{\376\377\207\215\124\010\173\227\154\325\377\032\116\316\122\240\147\103\136\163\127\107\122\060\117\341\140\157\122\240\147\103}{section.6}% 22
\BOOKMARK [2][-]{subsection.6.4}{\376\377\174\373\176\337\147\266\147\204\377\032\127\050\133\271\221\317\176\246\147\137\116\013\122\006\134\102\131\004\164\006}{section.6}% 23
\BOOKMARK [1][-]{section.7}{\376\377\150\110\117\213\122\006\147\220\377\032\147\072\150\260\201\302\210\305\221\115\116\373\122\241\116\055\166\204\117\341\140\157\155\101}{}% 24
\BOOKMARK [2][-]{subsection.7.1}{\376\377\116\373\122\241\143\317\217\360}{section.7}% 25
\BOOKMARK [2][-]{subsection.7.2}{\376\377\210\305\221\115\122\115\377\032\211\306\211\311\116\016\177\026\170\001\126\150\143\320\117\233\116\073\211\201\117\341\140\157}{section.7}% 26
\BOOKMARK [2][-]{subsection.7.3}{\376\377\143\245\211\346\124\016\377\032\122\233\211\311\124\214\211\346\211\311\142\020\116\072\232\330\116\367\120\074\117\341\140\157}{section.7}% 27
\BOOKMARK [2][-]{subsection.7.4}{\376\377\122\250\117\134\220\011\142\351\377\032\220\032\217\307\137\256\134\017\143\242\175\042\143\320\232\330\117\341\140\157\130\236\166\312}{section.7}% 28
\BOOKMARK [1][-]{section.8}{\376\377\134\100\226\120\140\047\116\016\135\345\172\013\154\350\141\017\116\213\230\171}{}% 29
\BOOKMARK [1][-]{section.9}{\376\377\176\323\213\272}{}% 30
