\BOOKMARK [1][-]{section.1}{\376\377\137\025\212\000}{}% 1
\BOOKMARK [2][-]{subsection.1.1}{\376\377\133\236\232\214\200\314\146\157}{section.1}% 2
\BOOKMARK [2][-]{subsection.1.2}{\376\377\133\236\232\214\166\356\166\204}{section.1}% 3
\BOOKMARK [1][-]{section.2}{\376\377\133\236\232\214\133\371\214\141\116\016\127\372\147\054\123\302\145\160}{}% 4
\BOOKMARK [2][-]{subsection.2.1}{\376\377\137\071\140\047\121\103\116\366\121\340\117\125\116\016\147\120\145\231\123\302\145\160}{section.2}% 5
\BOOKMARK [2][-]{subsection.2.2}{\376\377\173\046\123\367\213\364\146\016}{section.2}% 6
\BOOKMARK [1][-]{section.3}{\376\377\164\006\213\272\122\006\147\220}{}% 7
\BOOKMARK [2][-]{subsection.3.1}{\376\377\140\254\201\302\150\201\123\327\122\233\116\016\137\057\167\351\122\006\147\220}{section.3}% 8
\BOOKMARK [2][-]{subsection.3.2}{\376\377\136\224\123\330\162\107\165\065\226\073\123\330\123\026\116\016\165\065\150\145\217\223\121\372}{section.3}% 9
\BOOKMARK [1][-]{section.4}{\376\377\165\065\133\120\171\344\213\276\213\241\145\271\150\110}{}% 10
\BOOKMARK [2][-]{subsection.4.1}{\376\377\140\073\117\123\176\323\147\204}{section.4}% 11
\BOOKMARK [2][-]{subsection.4.2}{\376\377\215\064\162\107\117\115\177\156\116\016\176\304\150\145\145\271\150\110}{section.4}% 12
\BOOKMARK [1][-]{section.5}{\376\377\137\072\136\246\150\041\150\070\116\016\221\317\172\013\213\276\213\241}{}% 13
\BOOKMARK [2][-]{subsection.5.1}{\376\377\213\270\165\050\136\224\122\233}{section.5}% 14
\BOOKMARK [2][-]{subsection.5.2}{\376\377\147\000\131\047\221\317\172\013\117\060\173\227}{section.5}% 15
\BOOKMARK [1][-]{section.6}{\376\377\133\236\232\214\145\271\154\325}{}% 16
\BOOKMARK [2][-]{subsection.6.1}{\376\377\133\236\232\214\153\145\232\244}{section.6}% 17
\BOOKMARK [1][-]{section.7}{\376\377\145\160\143\156\131\004\164\006}{}% 18
\BOOKMARK [2][-]{subsection.7.1}{\376\377\145\160\143\156\213\260\137\125\210\150}{section.7}% 19
\BOOKMARK [2][-]{subsection.7.2}{\376\377\215\050\221\317\040\023\217\223\121\372\121\163\174\373\142\337\124\010}{section.7}% 20
\BOOKMARK [2][-]{subsection.7.3}{\376\377\160\165\145\117\136\246\060\001\176\277\140\047\136\246\116\016\147\011\145\110\221\317\172\013}{section.7}% 21
\BOOKMARK [1][-]{section.8}{\376\377\213\357\135\356\122\006\147\220}{}% 22
\BOOKMARK [1][-]{section.9}{\376\377\176\323\213\272}{}% 23
\BOOKMARK [1][-]{section.10}{\376\377\133\236\232\214\137\303\137\227}{}% 24
\BOOKMARK [1][-]{section.11}{\376\377\134\017\176\304\142\020\124\130\122\006\135\345}{}% 25
\BOOKMARK [1][-]{section.12}{\376\377\201\364\214\042}{}% 26
